MPASM 02.50 Released         LED-TEST.ASM   4-13-2001  16:26:59         PAGE  1


LOC  OBJECT CODE     LINE SOURCE TEXT
  VALUE

                      00001 ; 
                      00002 ; Mixer
                      00003 ;
                      00004 
                      00005 #include <p16f874.inc>
                      00001         LIST
                      00002 ; P16F874.INC  Standard Header File, Version 1.00    Microchip Technology, Inc.
                      00374         LIST
                      00006  
                      00007 
  00000009            00008 Baudrate        EQU     0x09
  00000020            00009 Dataarea        EQU     0x20
  00000020            00010 TEMPQ           EQU     Dataarea
                      00011 
                      00012 ;
                      00013 ; Midi queue
                      00014 ;
  00000024            00015 SerBytes        EQU     Dataarea+4
  00000025            00016 SerByte0        EQU     Dataarea+5
  00000026            00017 SerByte1        EQU     Dataarea+6
  00000027            00018 SerByte2        EQU     Dataarea+7
                      00019 
                      00020 ;; ==========================================================================
                      00021 ;;  Macros
                      00022 ;; ==========================================================================
                      00023 BANK1 MACRO
                      00024         bsf     STATUS, RP0
                      00025         ENDM
                      00026 
                      00027 BANK0 MACRO
                      00028         bcf     STATUS, RP0
                      00029         ENDM
                      00030 
                      00031 IFCLR   MACRO   reg, bit, instr
                      00032         btfss   reg, bit
                      00033         instr
                      00034         ENDM
                      00035 
                      00036 ;       ORG     0
0000   2820           00037         goto    Start
                      00038 
                      00039 
                      00040 ;; ==========================================================================
                      00041 ;;  Control the init LED
                      00042 ;; ==========================================================================
                      00043 
  00000005            00044 InitLED EQU     5               ; The portc bit for initLED
                      00045         ; Set port C to output
0001                  00046 InitInit
                      00047         BANK1
0001   1683               M         bsf     STATUS, RP0
Message[302]: Register in operand not in bank 0.  Ensure that bank bits are correct.
0002   1287           00048         bcf     TRISC, InitLED
MPASM 02.50 Released         LED-TEST.ASM   4-13-2001  16:26:59         PAGE  2


LOC  OBJECT CODE     LINE SOURCE TEXT
  VALUE

0003   0008           00049         return
                      00050 
0004                  00051 InitOn
                      00052         BANK0
0004   1283               M         bcf     STATUS, RP0
0005   1287           00053         bcf     PORTC, InitLED
0006   0008           00054         return
                      00055 
0007                  00056 InitOff
                      00057         BANK0
0007   1283               M         bcf     STATUS, RP0
0008   1687           00058         bsf     PORTC, InitLED
0009   0008           00059         return
                      00060  
                      00061 ;; ==========================================================================
                      00062 ;;  Send out MIDI Messages, if MIDI-Queue initialized
                      00063 ;; ==========================================================================
                      00064 
000A                  00065 MIDIinit:
                      00066         BANK1
000A   1683               M         bsf     STATUS, RP0
000B   3020           00067         movlw   1 << TXEN
Message[302]: Register in operand not in bank 0.  Ensure that bank bits are correct.
000C   0098           00068         movwf   TXSTA
000D   3009           00069         movlw   Baudrate                ; Set the speed
Message[302]: Register in operand not in bank 0.  Ensure that bank bits are correct.
000E   0099           00070         movwf   SPBRG
                      00071         BANK0
000F   1283               M         bcf     STATUS, RP0
0010   3090           00072         movlw   (1 << SPEN) | (1 << CREN); ; activate port
0011   0098           00073         movwf   RCSTA
0012   0008           00074         return
                      00075 
                      00076 ;-----------------------
                      00077 ;       Send byte in W
                      00078 ;-----------------------
0013                  00079 MIDIsendbyte
0013   0099           00080         movwf   TXREG
                      00081         BANK1
0014   1683               M         bsf     STATUS, RP0
0015                  00082 MIDIwaitloop
                      00083         IFCLR   TXSTA, TRMT, goto MIDIwaitloop
Message[302]: Register in operand not in bank 0.  Ensure that bank bits are correct.
0015   1C98               M         btfss   TXSTA, TRMT
0016   2815               M         goto MIDIwaitloop
                      00084         BANK0
0017   1283               M         bcf     STATUS, RP0
0018   0008           00085         return
                      00086 
0019                  00087 MIDIflushQueue:
0019   0825           00088         movf    SerByte0, W
001A   2013           00089         call    MIDIsendbyte
001B   0826           00090         movf    SerByte1, W             ; Move the queue up
MPASM 02.50 Released         LED-TEST.ASM   4-13-2001  16:26:59         PAGE  3


LOC  OBJECT CODE     LINE SOURCE TEXT
  VALUE

001C   2013           00091         call    MIDIsendbyte
001D   0827           00092         movf    SerByte2, W
001E   2013           00093         call    MIDIsendbyte
001F   0008           00094         return
                      00095 
                      00096 ;
                      00097 ; Main program
                      00098 ;
0020                  00099 Start
                      00100         ; Switch on the init LED
0020   2001           00101         call    InitInit
0021   2007           00102         call    InitOff
                      00103 
                      00104         BANK1
0022   1683               M         bsf     STATUS, RP0
Message[302]: Register in operand not in bank 0.  Ensure that bank bits are correct.
0023   1207           00105         bcf     TRISC, 4
Message[302]: Register in operand not in bank 0.  Ensure that bank bits are correct.
0024   1187           00106         bcf     TRISC, 3
                      00107         BANK0
0025   1283               M         bcf     STATUS, RP0
0026   1207           00108         bcf     PORTC, 4
0027   1587           00109         bsf     PORTC, 3
                      00110 
                      00111 ;       call    MIDIinit
                      00112 
                      00113         ; Set port B7 and B6 to input
                      00114 ;       BANK1
                      00115 ;       bsf     TRISB, 7
                      00116 ;       bsf     TRISB, 6
                      00117 ;       BANK0
0028                  00118 tt      
0028   2004           00119         call InitOn
                      00120 ;       btfss   PORTB, 7
0029   2820           00121         goto    Start
                      00122 
                      00123         ; Send a MIDI controller change
002A   3001           00124         movlw   1       ; midi channel
002B   3EB0           00125         addlw   0xb0
002C   00A5           00126         movwf   SerByte0
002D   3007           00127         movlw   7       ; controller no.
002E   00A6           00128         movwf   SerByte1
002F   3064           00129         movlw   64      ; value
0030   00A7           00130         movwf   SerByte2
                      00131 
0031   2007           00132         call    InitOff
0032   2019           00133         call    MIDIflushQueue
                      00134 
0033   2820           00135         goto    Start
                      00136 
                      00137         end
MPASM 02.50 Released         LED-TEST.ASM   4-13-2001  16:26:59         PAGE  4


SYMBOL TABLE
  LABEL                             VALUE 

ACKDT                             00000005
ACKEN                             00000004
ACKSTAT                           00000006
ADCON0                            0000001F
ADCON1                            0000009F
ADCS0                             00000006
ADCS1                             00000007
ADDEN                             00000003
ADFM                              00000007
ADIE                              00000006
ADIF                              00000006
ADON                              00000000
ADRESH                            0000001E
ADRESL                            0000009E
BANK0                             
BANK1                             
BCLIE                             00000003
BCLIF                             00000003
BF                                00000000
BRGH                              00000002
Baudrate                          00000009
C                                 00000000
CCP1CON                           00000017
CCP1IE                            00000002
CCP1IF                            00000002
CCP1M0                            00000000
CCP1M1                            00000001
CCP1M2                            00000002
CCP1M3                            00000003
CCP1X                             00000005
CCP1Y                             00000004
CCP2CON                           0000001D
CCP2IE                            00000000
CCP2IF                            00000000
CCP2M0                            00000000
CCP2M1                            00000001
CCP2M2                            00000002
CCP2M3                            00000003
CCP2X                             00000005
CCP2Y                             00000004
CCPR1H                            00000016
CCPR1L                            00000015
CCPR2H                            0000001C
CCPR2L                            0000001B
CHS0                              00000003
CHS1                              00000004
CHS2                              00000005
CKE                               00000006
CKP                               00000004
CREN                              00000004
CSRC                              00000007
D                                 00000005
DATA_ADDRESS                      00000005
MPASM 02.50 Released         LED-TEST.ASM   4-13-2001  16:26:59         PAGE  5


SYMBOL TABLE
  LABEL                             VALUE 

DC                                00000001
D_A                               00000005
Dataarea                          00000020
EEADR                             0000010D
EEADRH                            0000010F
EECON1                            0000018C
EECON2                            0000018D
EEDATA                            0000010C
EEDATH                            0000010E
EEIE                              00000004
EEIF                              00000004
EEPGD                             00000007
F                                 00000001
FERR                              00000002
FSR                               00000004
GCEN                              00000007
GIE                               00000007
GO                                00000002
GO_DONE                           00000002
I2C_DATA                          00000005
I2C_READ                          00000002
I2C_START                         00000003
I2C_STOP                          00000004
IBF                               00000007
IBOV                              00000005
IFCLR                             
INDF                              00000000
INTCON                            0000000B
INTE                              00000004
INTEDG                            00000006
INTF                              00000001
IRP                               00000007
InitInit                          00000001
InitLED                           00000005
InitOff                           00000007
InitOn                            00000004
MIDIflushQueue                    00000019
MIDIinit                          0000000A
MIDIsendbyte                      00000013
MIDIwaitloop                      00000015
NOT_A                             00000005
NOT_ADDRESS                       00000005
NOT_BO                            00000000
NOT_BOR                           00000000
NOT_DONE                          00000002
NOT_PD                            00000003
NOT_POR                           00000001
NOT_RBPU                          00000007
NOT_RC8                           00000006
NOT_T1SYNC                        00000002
NOT_TO                            00000004
NOT_TX8                           00000006
NOT_W                             00000002
MPASM 02.50 Released         LED-TEST.ASM   4-13-2001  16:26:59         PAGE  6


SYMBOL TABLE
  LABEL                             VALUE 

NOT_WRITE                         00000002
OBF                               00000006
OERR                              00000001
OPTION_REG                        00000081
P                                 00000004
PCFG0                             00000000
PCFG1                             00000001
PCFG2                             00000002
PCFG3                             00000003
PCL                               00000002
PCLATH                            0000000A
PCON                              0000008E
PEIE                              00000006
PEN                               00000002
PIE1                              0000008C
PIE2                              0000008D
PIR1                              0000000C
PIR2                              0000000D
PORTA                             00000005
PORTB                             00000006
PORTC                             00000007
PORTD                             00000008
PORTE                             00000009
PR2                               00000092
PS0                               00000000
PS1                               00000001
PS2                               00000002
PSA                               00000003
PSPIE                             00000007
PSPIF                             00000007
PSPMODE                           00000004
R                                 00000002
RBIE                              00000003
RBIF                              00000000
RC8_9                             00000006
RC9                               00000006
RCD8                              00000000
RCEN                              00000003
RCIE                              00000005
RCIF                              00000005
RCREG                             0000001A
RCSTA                             00000018
RD                                00000000
READ_WRITE                        00000002
RP0                               00000005
RP1                               00000006
RSEN                              00000001
RX9                               00000006
RX9D                              00000000
R_W                               00000002
S                                 00000003
SEN                               00000000
SMP                               00000007
MPASM 02.50 Released         LED-TEST.ASM   4-13-2001  16:26:59         PAGE  7


SYMBOL TABLE
  LABEL                             VALUE 

SPBRG                             00000099
SPEN                              00000007
SREN                              00000005
SSPADD                            00000093
SSPBUF                            00000013
SSPCON                            00000014
SSPCON2                           00000091
SSPEN                             00000005
SSPIE                             00000003
SSPIF                             00000003
SSPM0                             00000000
SSPM1                             00000001
SSPM2                             00000002
SSPM3                             00000003
SSPOV                             00000006
SSPSTAT                           00000094
STATUS                            00000003
SYNC                              00000004
SerByte0                          00000025
SerByte1                          00000026
SerByte2                          00000027
SerBytes                          00000024
Start                             00000020
T0CS                              00000005
T0IE                              00000005
T0IF                              00000002
T0SE                              00000004
T1CKPS0                           00000004
T1CKPS1                           00000005
T1CON                             00000010
T1INSYNC                          00000002
T1OSCEN                           00000003
T1SYNC                            00000002
T2CKPS0                           00000000
T2CKPS1                           00000001
T2CON                             00000012
TEMPQ                             00000020
TMR0                              00000001
TMR1CS                            00000001
TMR1H                             0000000F
TMR1IE                            00000000
TMR1IF                            00000000
TMR1L                             0000000E
TMR1ON                            00000000
TMR2                              00000011
TMR2IE                            00000001
TMR2IF                            00000001
TMR2ON                            00000002
TOUTPS0                           00000003
TOUTPS1                           00000004
TOUTPS2                           00000005
TOUTPS3                           00000006
TRISA                             00000085
MPASM 02.50 Released         LED-TEST.ASM   4-13-2001  16:26:59         PAGE  8


SYMBOL TABLE
  LABEL                             VALUE 

TRISB                             00000086
TRISC                             00000087
TRISD                             00000088
TRISE                             00000089
TRISE0                            00000000
TRISE1                            00000001
TRISE2                            00000002
TRMT                              00000001
TX8_9                             00000006
TX9                               00000006
TX9D                              00000000
TXD8                              00000000
TXEN                              00000005
TXIE                              00000004
TXIF                              00000004
TXREG                             00000019
TXSTA                             00000098
UA                                00000001
W                                 00000000
WCOL                              00000007
WR                                00000001
WREN                              00000002
WRERR                             00000003
Z                                 00000002
_BODEN_OFF                        00003FBF
_BODEN_ON                         00003FFF
_CPD_OFF                          00003FFF
_CPD_ON                           00003EFF
_CP_ALL                           00000FCF
_CP_HALF                          00001FDF
_CP_OFF                           00003FFF
_CP_UPPER_256                     00002FEF
_DEBUG_OFF                        00003FFF
_DEBUG_ON                         000037FF
_HS_OSC                           00003FFE
_LP_OSC                           00003FFC
_LVP_OFF                          00003F7F
_LVP_ON                           00003FFF
_PWRTE_OFF                        00003FFF
_PWRTE_ON                         00003FF7
_RC_OSC                           00003FFF
_WDT_OFF                          00003FFB
_WDT_ON                           00003FFF
_WRT_ENABLE_OFF                   00003DFF
_WRT_ENABLE_ON                    00003FFF
_XT_OSC                           00003FFD
__16F874                          00000001
tt                                00000028
MPASM 02.50 Released         LED-TEST.ASM   4-13-2001  16:26:59         PAGE  9


MEMORY USAGE MAP ('X' = Used,  '-' = Unused)


0000 : XXXXXXXXXXXXXXXX XXXXXXXXXXXXXXXX XXXXXXXXXXXXXXXX XXXX------------

All other memory blocks unused.

Program Memory Words Used:    52
Program Memory Words Free:  4044


Errors   :     0
Warnings :     0 reported,     0 suppressed
Messages :     6 reported,     0 suppressed

